9279
10 14 20 25 30 34 36 37 40 48 50 54 56 59 67 68 
