9318
5 10 11 19 20 22 23 25 33 38 42 45 52 53 57 
