8885
1 2 19 21 22 24 26 28 38 51 56 57 58 63 68 69 
