9408.29
53 42 11 38 52 23 5 19 45 10 57 22 20 31 33 
