8884.14
22 30 17 29 3 10 31 12 18 2 40 35 25 13 7 
