10686.7
28 17 84 80 41 4 51 50 85 24 19 43 18 64 26 
