1035.5
2 19 15 11 12 3 13 9 10 20 5 17 4 7 18 6 1 8 
