8929.43
24 28 38 57 56 58 21 2 68 51 69 26 22 19 54 1 63 
