9293.95
69 79 49 73 28 35 55 29 24 11 45 36 38 13 2 
