9315.93
25 37 67 10 30 14 68 50 56 36 34 59 20 40 48 44 
