9780.98
32 53 4 1 43 56 28 50 20 15 42 24 51 26 25 
