9827.2
46 9 21 17 12 53 24 45 18 14 34 49 29 36 15 8 
